// Jest Snapshot v1, https://goo.gl/fbAQLP

exports[`<Gif /> should render 1`] = `
<div>
  <li
    class="card"
  >
    <img
      alt="Mira este gif"
      src="https://url.example.com"
    />
    <p>
       
      Mira este gif
       
    </p>
  </li>
</div>
`;
