// Jest Snapshot v1, https://goo.gl/fbAQLP

exports[`<GridGif /> should render correctly 1`] = `
<div>
  <h2>
     ...loading 
  </h2>
</div>
`;
