// Jest Snapshot v1, https://goo.gl/fbAQLP

exports[`<GifExpertApp/> should render 1`] = `
<div>
  <h1>
    GifExpertApp
  </h1>
  <input
    placeholder="Categoria"
    type="text"
    value=""
  />
  <div />
</div>
`;
